共 137 页待审计
并发 6 路·共 137 页
[6/137] P3-R01-A06-实体关系与状态机.html  问题:0 死链:0 JS错:0  ⏱2s
[1/137] mobile\审批详情.html  问题:0 死链:0 JS错:0  ⏱5s
[2/137] mobile\库存查询.html  问题:0 死链:0 JS错:0  ⏱5s
[3/137] mobile\待办审批.html  问题:0 死链:0 JS错:0  ⏱5s
[4/137] mobile\我的.html  问题:0 死链:0 JS错:0  ⏱5s
[5/137] mobile\登录.html  问题:0 死链:0 JS错:0  ⏱5s
[7/137] P3-R01-F01-业务流程导航图\P3-R01-F01-业务流程导航图-主线.html  问题:0 死链:0 JS错:0  ⏱8s
[10/137] P3-R01-F01-业务流程导航图\状态机\状态机-库存五态.html  问题:0 死链:0 JS错:0  ⏱11s
[9/137] P3-R01-F01-业务流程导航图\P3-R01-F01-业务流程导航图-退租归还与财务.html  问题:0 死链:0 JS错:0  ⏱11s
[12/137] P3-R01-F01-业务流程导航图\状态机\状态机-销售订单.html  问题:0 死链:0 JS错:0  ⏱11s
[8/137] P3-R01-F01-业务流程导航图\P3-R01-F01-业务流程导航图-支线.html  问题:0 死链:0 JS错:0  ⏱11s
[11/137] P3-R01-F01-业务流程导航图\状态机\状态机-转移出库.html  问题:0 死链:0 JS错:0  ⏱11s
[13/137] 仓储作业\其他入库列表.html  问题:0 死链:0 JS错:0  ⏱16s
[14/137] 仓储作业\其他入库审核.html  问题:0 死链:0 JS错:0  ⏱18s
[16/137] 仓储作业\其他入库详情.html  问题:0 死链:0 JS错:0  ⏱19s
[18/137] 仓储作业\其他出库审核.html  问题:0 死链:0 JS错:0  ⏱19s
[17/137] 仓储作业\其他出库列表.html  问题:0 死链:0 JS错:0  ⏱19s
[15/137] 仓储作业\其他入库新建.html  问题:0 死链:0 JS错:0  ⏱19s
[19/137] 仓储作业\其他出库新建.html  问题:0 死链:0 JS错:0  ⏱25s
[20/137] 仓储作业\其他出库详情.html  问题:0 死链:0 JS错:0  ⏱26s
[22/137] 仓储作业\库存流水.html  问题:0 死链:0 JS错:0  ⏱26s
[23/137] 仓储作业\库存调拨列表.html  问题:0 死链:0 JS错:0  ⏱27s
[24/137] 仓储作业\收发存.html  问题:0 死链:0 JS错:0  ⏱27s
[21/137] 仓储作业\库存查询.html  问题:0 死链:0 JS错:0  ⏱28s
[25/137] 仓储作业\盘点列表.html  问题:0 死链:0 JS错:0  ⏱33s
[27/137] 仓储作业\盘点录入.html  问题:0 死链:0 JS错:0 审计异常:Error: Page.evaluate: Execution context was destroyed, most likely because of a   ⏱34s
[26/137] 仓储作业\盘点审核.html  问题:0 死链:0 JS错:0  ⏱34s
[28/137] 仓储作业\盘点详情.html  问题:0 死链:0 JS错:0  ⏱34s
[29/137] 仓储作业\调拨审核.html  问题:0 死链:0 JS错:0  ⏱35s
[30/137] 仓储作业\调拨新建.html  问题:0 死链:0 JS错:0  ⏱36s
[31/137] 仓储作业\调拨详情.html  问题:0 死链:0 JS错:0  ⏱40s
[33/137] 基础数据\BOM版本查看.html  问题:0 死链:0 JS错:0  ⏱41s
[32/137] 基础数据\BOM.html  问题:0 死链:0 JS错:0  ⏱42s
[35/137] 基础数据\BOM详情.html  问题:0 死链:0 JS错:0  ⏱43s
[34/137] 基础数据\BOM维护.html  问题:0 死链:0 JS错:0  ⏱44s
[36/137] 基础数据\产品档案.html  问题:0 死链:0 JS错:0  ⏱46s
[38/137] 基础数据\客商管理.html  问题:0 死链:0 JS错:0  ⏱50s
[42/137] 基础数据\弹窗\停用确认.html  问题:0 死链:0 JS错:0  ⏱50s
[37/137] 基础数据\客商新建.html  问题:0 死链:0 JS错:0  ⏱51s
[39/137] 基础数据\客商详情.html  问题:0 死链:0 JS错:0  ⏱51s
[41/137] 基础数据\库位档案.html  问题:0 死链:0 JS错:0  ⏱53s
[40/137] 基础数据\库位新建.html  问题:0 死链:0 JS错:0  ⏱55s
[46/137] 登录.html  问题:0 死链:0 JS错:0 审计异常:Error: Page.evaluate: Execution context was destroyed, most likely because of a   ⏱55s
[44/137] 基础数据\物料详情.html  问题:0 死链:0 JS错:0  ⏱59s
[43/137] 基础数据\物料新建.html  问题:0 死链:0 JS错:0  ⏱61s
[47/137] 租入管理\归还出库列表.html  问题:0 死链:0 JS错:0  ⏱61s
[45/137] 我的待办.html  问题:0 死链:0 JS错:0  ⏱62s
[49/137] 租入管理\归还出库新建.html  问题:0 死链:0 JS错:0  ⏱63s
[48/137] 租入管理\归还出库审核.html  问题:0 死链:0 JS错:0  ⏱63s
[50/137] 租入管理\归还出库详情.html  问题:0 死链:0 JS错:0  ⏱67s
[51/137] 租入管理\租入入库列表.html  问题:0 死链:0 JS错:0  ⏱70s
[52/137] 租入管理\租入入库确认.html  问题:0 死链:0 JS错:0  ⏱70s
[53/137] 租入管理\租入入库详情.html  问题:0 死链:0 JS错:0  ⏱70s
[58/137] 租赁管理\出货单打印.html  问题:0 死链:0 JS错:0  ⏱71s
[55/137] 租入管理\租入单审核.html  问题:0 死链:0 JS错:0  ⏱71s
[54/137] 租入管理\租入单列表.html  问题:0 死链:0 JS错:0  ⏱71s
[56/137] 租入管理\租入单新建.html  问题:0 死链:0 JS错:0  ⏱75s
[57/137] 租入管理\租入单详情.html  问题:0 死链:0 JS错:0  ⏱78s
[59/137] 租赁管理\器具出租履历.html  问题:0 死链:0 JS错:0  ⏱78s
[60/137] 租赁管理\租赁出库列表.html  问题:0 死链:0 JS错:0  ⏱79s
[62/137] 租赁管理\租赁出库确认.html  问题:0 死链:0 JS错:0  ⏱79s
[61/137] 租赁管理\租赁出库录单.html  问题:0 死链:0 JS错:0  ⏱79s
[63/137] 租赁管理\租赁出库详情.html  问题:0 死链:0 JS错:0  ⏱83s
[65/137] 租赁管理\租赁单审核.html  问题:0 死链:0 JS错:0  ⏱86s
[64/137] 租赁管理\租赁单列表.html  问题:0 死链:0 JS错:0  ⏱87s
[67/137] 租赁管理\租赁单详情.html  问题:0 死链:0 JS错:0  ⏱87s
[66/137] 租赁管理\租赁单新建.html  问题:0 死链:0 JS错:0  ⏱88s
[68/137] 租赁管理\转移出库列表.html  问题:0 死链:0 JS错:0  ⏱88s
[69/137] 租赁管理\转移出库单详情.html  问题:0 死链:0 JS错:0  ⏱91s
[70/137] 租赁管理\转移出库审核.html  问题:0 死链:0 JS错:0  ⏱94s
[72/137] 租赁管理\退租入库列表.html  问题:0 死链:0 JS错:0  ⏱95s
[73/137] 租赁管理\退租入库审核.html  问题:0 死链:0 JS错:0  ⏱95s
[71/137] 租赁管理\转移出库新建.html  问题:0 死链:0 JS错:0  ⏱95s
[74/137] 租赁管理\退租入库新建.html  问题:0 死链:0 JS错:0  ⏱96s
[75/137] 租赁管理\退租入库详情.html  问题:0 死链:0 JS错:0  ⏱98s
[77/137] 系统管理\弹窗\停用确认.html  问题:0 死链:0 JS错:0  ⏱99s
[78/137] 系统管理\弹窗\重置密码确认.html  问题:0 死链:0 JS错:0  ⏱99s
[79/137] 系统管理\操作日志.html  问题:0 死链:0 JS错:0  ⏱103s
[76/137] 系统管理\字典项新建.html  问题:0 死链:0 JS错:0  ⏱104s
[80/137] 系统管理\数据字典.html  问题:0 死链:0 JS错:0  ⏱107s
[83/137] 系统管理\用户权限.html  问题:1 死链:0 JS错:0  ⏱108s
[82/137] 系统管理\用户新建.html  问题:0 死链:0 JS错:0  ⏱110s
[81/137] 系统管理\权限配置.html  问题:0 死链:0 JS错:0  ⏱110s
[85/137] 系统管理\角色管理.html  问题:0 死链:0 JS错:0  ⏱113s
[84/137] 系统管理\角色新建.html  问题:0 死链:0 JS错:0  ⏱114s
[86/137] 财务协同\付款新建.html  问题:0 死链:0 JS错:0  ⏱114s
[87/137] 财务协同\付款登记.html  问题:0 死链:0 JS错:0  ⏱116s
[88/137] 财务协同\付款确认.html  问题:0 死链:0 JS错:0  ⏱117s
[89/137] 财务协同\付款详情.html  问题:0 死链:0 JS错:0  ⏱117s
[90/137] 财务协同\应付新建.html  问题:0 死链:0 JS错:0  ⏱121s
[91/137] 财务协同\应付详情.html  问题:0 死链:0 JS错:0  ⏱121s
[93/137] 财务协同\应收生成.html  问题:0 死链:0 JS错:0  ⏱124s
[92/137] 财务协同\应付账单.html  问题:0 死链:0 JS错:0  ⏱124s
[94/137] 财务协同\应收详情.html  问题:0 死链:0 JS错:0  ⏱124s
[95/137] 财务协同\应收账单.html  问题:0 死链:0 JS错:0  ⏱126s
[97/137] 财务协同\开票登记.html  问题:0 死链:0 JS错:0  ⏱130s
[96/137] 财务协同\开票新建.html  问题:0 死链:0 JS错:0  ⏱131s
[98/137] 财务协同\开票详情.html  问题:0 死链:0 JS错:0  ⏱131s
[99/137] 财务协同\损益报表.html  问题:0 死链:0 JS错:0  ⏱131s
[100/137] 财务协同\收款新建.html  问题:0 死链:0 JS错:0  ⏱134s
[101/137] 财务协同\收款登记.html  问题:0 死链:0 JS错:0  ⏱134s
[102/137] 财务协同\收款详情.html  问题:0 死链:0 JS错:0  ⏱137s
[105/137] 财务协同\退款详情.html  问题:0 死链:0 JS错:0  ⏱138s
[104/137] 财务协同\退款登记.html  问题:0 死链:0 JS错:0  ⏱139s
[103/137] 财务协同\退款新建.html  问题:0 死链:0 JS错:0  ⏱141s
[107/137] 财务协同\银行回单核销详情.html  问题:0 死链:0 JS错:0  ⏱142s
[106/137] 财务协同\银行回单核销.html  问题:0 死链:0 JS错:0  ⏱144s
[109/137] 采购管理\采购入库审核.html  问题:0 死链:0 JS错:0  ⏱146s
[108/137] 采购管理\采购入库列表.html  问题:0 死链:0 JS错:0  ⏱147s
[110/137] 采购管理\采购入库录单.html  问题:0 死链:0 JS错:0  ⏱149s
[111/137] 采购管理\采购入库详情.html  问题:0 死链:0 JS错:0  ⏱149s
[112/137] 采购管理\采购订单列表.html  问题:0 死链:0 JS错:0  ⏱150s
[113/137] 采购管理\采购订单审核.html  问题:0 死链:0 JS错:0  ⏱153s
[115/137] 采购管理\采购订单详情.html  问题:0 死链:0 JS错:0  ⏱155s
[114/137] 采购管理\采购订单新建.html  问题:0 死链:0 JS错:0  ⏱155s
[117/137] 采购管理\采购退货审核.html  问题:0 死链:0 JS错:0  ⏱157s
[116/137] 采购管理\采购退货单列表.html  问题:0 死链:0 JS错:0  ⏱157s
[118/137] 采购管理\采购退货新建.html  问题:0 死链:0 JS错:0  ⏱159s
[119/137] 采购管理\采购退货详情.html  问题:0 死链:0 JS错:0  ⏱161s
[120/137] 销售管理\销售出库列表.html  问题:0 死链:0 JS错:0  ⏱164s
[121/137] 销售管理\销售出库审核.html  问题:0 死链:0 JS错:0  ⏱164s
[123/137] 销售管理\销售出库详情.html  问题:0 死链:0 JS错:0  ⏱165s
[122/137] 销售管理\销售出库新建.html  问题:0 死链:0 JS错:0  ⏱165s
[124/137] 销售管理\销售订单列表.html  问题:0 死链:0 JS错:0  ⏱167s
[125/137] 销售管理\销售订单审核.html  问题:0 死链:0 JS错:0  ⏱169s
[127/137] 销售管理\销售订单详情.html  问题:0 死链:0 JS错:0  ⏱172s
[126/137] 销售管理\销售订单新建.html  问题:0 死链:0 JS错:0  ⏱173s
[129/137] 销售管理\销售退货审核.html  问题:0 死链:0 JS错:0  ⏱173s
[128/137] 销售管理\销售退货单列表.html  问题:0 死链:0 JS错:0  ⏱174s
[130/137] 销售管理\销售退货新建.html  问题:0 死链:0 JS错:0  ⏱175s
[131/137] 销售管理\销售退货详情.html  问题:0 死链:0 JS错:0  ⏱177s
[135/137] 项目管理\项目档案.html  问题:0 死链:0 JS错:0  ⏱182s
[132/137] 项目管理\上下游绑定.html  问题:0 死链:0 JS错:0  ⏱183s
[133/137] 项目管理\编码规则.html  问题:0 死链:0 JS错:0  ⏱184s
[134/137] 项目管理\项目新建.html  问题:0 死链:0 JS错:0  ⏱184s
[136/137] 项目管理\项目详情.html  问题:0 死链:0 JS错:0  ⏱187s
[137/137] 首页\项目看板.html  问题:0 死链:0 JS错:0  ⏱188s
总耗时 188s

结果已写入 D:\工作台-吕道远\5-【ACTIVE】汽车物流包装租赁\_scan_tmpdir\audit_results.json
