共 129 页待审计
[1/129] mobile\审批详情.html  问题:0 死链:0 JS错:0
[2/129] mobile\库存查询.html  问题:0 死链:0 JS错:0
[3/129] mobile\待办审批.html  问题:0 死链:0 JS错:0
[4/129] mobile\我的.html  问题:0 死链:0 JS错:0
[5/129] mobile\登录.html  问题:0 死链:0 JS错:0
[6/129] P3-R01-A06-实体关系与状态机.html  问题:0 死链:0 JS错:0
[7/129] P3-R01-F01-业务流程导航图.html  问题:0 死链:0 JS错:0
[8/129] 仓储作业\其他入库列表.html  问题:0 死链:0 JS错:0
[9/129] 仓储作业\其他入库审核.html  问题:0 死链:0 JS错:0
[10/129] 仓储作业\其他入库新建.html  问题:0 死链:0 JS错:0
[11/129] 仓储作业\其他入库详情.html  问题:0 死链:0 JS错:0
[12/129] 仓储作业\其他出库列表.html  问题:0 死链:0 JS错:0
[13/129] 仓储作业\其他出库审核.html  问题:0 死链:0 JS错:0
[14/129] 仓储作业\其他出库新建.html  问题:0 死链:0 JS错:0
[15/129] 仓储作业\其他出库详情.html  问题:0 死链:0 JS错:0
[16/129] 仓储作业\库存查询.html  问题:0 死链:0 JS错:0
[17/129] 仓储作业\库存流水.html  问题:0 死链:0 JS错:0
[18/129] 仓储作业\库存调拨列表.html  问题:0 死链:0 JS错:0
[19/129] 仓储作业\盘点列表.html  问题:0 死链:0 JS错:0
[20/129] 仓储作业\盘点审核.html  问题:0 死链:0 JS错:0
[21/129] 仓储作业\盘点录入.html  问题:0 死链:0 JS错:0 审计异常:Error: Page.evaluate: Execution context was destroyed, most likely because of a 
[22/129] 仓储作业\盘点详情.html  问题:0 死链:0 JS错:0
[23/129] 仓储作业\调拨审核.html  问题:0 死链:0 JS错:0
[24/129] 仓储作业\调拨新建.html  问题:0 死链:0 JS错:0
[25/129] 仓储作业\调拨详情.html  问题:0 死链:0 JS错:0
[26/129] 基础数据\BOM.html  问题:0 死链:0 JS错:0
[27/129] 基础数据\BOM版本查看.html  问题:0 死链:0 JS错:0
[28/129] 基础数据\BOM维护.html  问题:0 死链:0 JS错:0
[29/129] 基础数据\产品档案.html  问题:0 死链:0 JS错:0
[30/129] 基础数据\客商开票资料.html  问题:0 死链:0 JS错:0
[31/129] 基础数据\客商收货信息.html  问题:0 死链:0 JS错:0
[32/129] 基础数据\客商新建.html  问题:0 死链:0 JS错:0
[33/129] 基础数据\客商管理.html  问题:0 死链:0 JS错:0
[34/129] 基础数据\客商详情.html  问题:0 死链:0 JS错:0
[35/129] 基础数据\库位新建.html  问题:0 死链:0 JS错:0
[36/129] 基础数据\库位档案.html  问题:0 死链:0 JS错:0
[37/129] 基础数据\库位详情.html  问题:0 死链:0 JS错:0
[38/129] 基础数据\弹窗\停用确认.html  问题:0 死链:0 JS错:0
[39/129] 基础数据\物料新建.html  问题:0 死链:0 JS错:0
[40/129] 基础数据\物料详情.html  问题:0 死链:0 JS错:0
[41/129] 我的待办.html  问题:0 死链:0 JS错:0
[42/129] 登录.html  问题:0 死链:0 JS错:0 审计异常:Error: Page.evaluate: Execution context was destroyed, most likely because of a 
[43/129] 租入管理\租入入库列表.html  问题:0 死链:0 JS错:0
[44/129] 租入管理\租入入库确认.html  问题:0 死链:0 JS错:0
[45/129] 租入管理\租入入库详情.html  问题:0 死链:0 JS错:0
[46/129] 租入管理\租入单列表.html  问题:0 死链:0 JS错:0
[47/129] 租入管理\租入单审核.html  问题:0 死链:0 JS错:0
[48/129] 租入管理\租入单新建.html  问题:0 死链:0 JS错:0
[49/129] 租入管理\租入单详情.html  问题:0 死链:0 JS错:0
[50/129] 租入管理\租入归还列表.html  问题:0 死链:0 JS错:0
[51/129] 租入管理\租入归还审核.html  问题:0 死链:0 JS错:0
[52/129] 租入管理\租入归还新建.html  问题:0 死链:0 JS错:0
[53/129] 租入管理\租入归还详情.html  问题:0 死链:0 JS错:0
[54/129] 租赁管理\出货单打印.html  问题:0 死链:0 JS错:0
[55/129] 租赁管理\器具出租履历.html  问题:0 死链:0 JS错:0
[56/129] 租赁管理\租赁出库列表.html  问题:0 死链:0 JS错:0
[57/129] 租赁管理\租赁出库录单.html  问题:0 死链:0 JS错:0
[58/129] 租赁管理\租赁出库确认.html  问题:0 死链:0 JS错:0
[59/129] 租赁管理\租赁出库详情.html  问题:0 死链:0 JS错:0
[60/129] 租赁管理\租赁单列表.html  问题:0 死链:0 JS错:0
[61/129] 租赁管理\租赁单审核.html  问题:0 死链:0 JS错:0
[62/129] 租赁管理\租赁单新建.html  问题:0 死链:0 JS错:0
[63/129] 租赁管理\租赁单详情.html  问题:0 死链:0 JS错:0
[64/129] 租赁管理\退租入库列表.html  问题:0 死链:0 JS错:0
[65/129] 租赁管理\退租入库审核.html  问题:0 死链:0 JS错:0
[66/129] 租赁管理\退租入库新建.html  问题:0 死链:0 JS错:0
[67/129] 租赁管理\退租入库详情.html  问题:0 死链:0 JS错:0
[68/129] 系统管理\字典项新建.html  问题:0 死链:0 JS错:0
[69/129] 系统管理\弹窗\停用确认.html  问题:0 死链:0 JS错:0
[70/129] 系统管理\弹窗\重置密码确认.html  问题:0 死链:0 JS错:0
[71/129] 系统管理\操作日志.html  问题:0 死链:0 JS错:0
[72/129] 系统管理\数据字典.html  问题:0 死链:0 JS错:0
[73/129] 系统管理\权限配置.html  问题:0 死链:0 JS错:0
[74/129] 系统管理\用户新建.html  问题:0 死链:0 JS错:0
[75/129] 系统管理\用户权限.html  问题:0 死链:0 JS错:0
[76/129] 系统管理\角色新建.html  问题:0 死链:0 JS错:0
[77/129] 系统管理\角色管理.html  问题:0 死链:0 JS错:0
[78/129] 财务协同\付款新建.html  问题:0 死链:0 JS错:0
[79/129] 财务协同\付款登记.html  问题:0 死链:0 JS错:0
[80/129] 财务协同\付款确认.html  问题:0 死链:0 JS错:0
[81/129] 财务协同\付款详情.html  问题:0 死链:0 JS错:0
[82/129] 财务协同\回款登记.html  问题:0 死链:0 JS错:0
[83/129] 财务协同\回款详情.html  问题:0 死链:0 JS错:0
[84/129] 财务协同\应付新建.html  问题:0 死链:0 JS错:0
[85/129] 财务协同\应付详情.html  问题:0 死链:0 JS错:0
[86/129] 财务协同\应付账单.html  问题:0 死链:0 JS错:0
[87/129] 财务协同\应收生成.html  问题:0 死链:0 JS错:0
[88/129] 财务协同\应收详情.html  问题:0 死链:0 JS错:0
[89/129] 财务协同\应收账单.html  问题:0 死链:0 JS错:0
[90/129] 财务协同\开票新建.html  问题:0 死链:0 JS错:0
[91/129] 财务协同\开票登记.html  问题:0 死链:0 JS错:0
[92/129] 财务协同\开票详情.html  问题:0 死链:0 JS错:0
[93/129] 财务协同\收款新建.html  问题:0 死链:0 JS错:0
[94/129] 财务协同\水单核销详情.html  问题:0 死链:0 JS错:0
[95/129] 财务协同\盈亏报表.html  问题:0 死链:0 JS错:0
[96/129] 财务协同\退款新建.html  问题:0 死链:0 JS错:0
[97/129] 财务协同\退款登记.html  问题:0 死链:0 JS错:0
[98/129] 财务协同\退款详情.html  问题:0 死链:0 JS错:0
[99/129] 财务协同\银行水单核销.html  问题:0 死链:0 JS错:0
[100/129] 采购管理\采购入库列表.html  问题:0 死链:0 JS错:0
[101/129] 采购管理\采购入库审核.html  问题:0 死链:0 JS错:0
[102/129] 采购管理\采购入库录单.html  问题:0 死链:0 JS错:0
[103/129] 采购管理\采购入库详情.html  问题:0 死链:0 JS错:0
[104/129] 采购管理\采购订单列表.html  问题:0 死链:0 JS错:0
[105/129] 采购管理\采购订单审核.html  问题:0 死链:0 JS错:0
[106/129] 采购管理\采购订单新建.html  问题:0 死链:0 JS错:0
[107/129] 采购管理\采购订单详情.html  问题:0 死链:0 JS错:0
[108/129] 采购管理\采购退货单列表.html  问题:0 死链:0 JS错:0
[109/129] 采购管理\采购退货审核.html  问题:0 死链:0 JS错:0
[110/129] 采购管理\采购退货新建.html  问题:0 死链:0 JS错:0
[111/129] 采购管理\采购退货详情.html  问题:0 死链:0 JS错:0
[112/129] 销售管理\销售出库列表.html  问题:0 死链:0 JS错:0
[113/129] 销售管理\销售出库审核.html  问题:0 死链:0 JS错:0
[114/129] 销售管理\销售出库新建.html  问题:0 死链:0 JS错:0
[115/129] 销售管理\销售出库详情.html  问题:0 死链:0 JS错:0
[116/129] 销售管理\销售订单列表.html  问题:0 死链:0 JS错:0
[117/129] 销售管理\销售订单审核.html  问题:0 死链:0 JS错:0
[118/129] 销售管理\销售订单新建.html  问题:0 死链:0 JS错:0
[119/129] 销售管理\销售订单详情.html  问题:0 死链:0 JS错:0
[120/129] 销售管理\销售退货单列表.html  问题:0 死链:0 JS错:0
[121/129] 销售管理\销售退货审核.html  问题:0 死链:0 JS错:0
[122/129] 销售管理\销售退货新建.html  问题:0 死链:0 JS错:0
[123/129] 销售管理\销售退货详情.html  问题:0 死链:0 JS错:0
[124/129] 项目管理\上下游绑定.html  问题:0 死链:0 JS错:0
[125/129] 项目管理\编码规则.html  问题:0 死链:0 JS错:0
[126/129] 项目管理\项目新建.html  问题:0 死链:0 JS错:0
[127/129] 项目管理\项目档案.html  问题:0 死链:0 JS错:0
[128/129] 项目管理\项目详情.html  问题:0 死链:0 JS错:0
[129/129] 首页\项目看板.html  问题:0 死链:0 JS错:0

结果已写入 D:\工作台-吕道远\5-【ACTIVE】汽车物流包装租赁\_scan_tmpdir\audit_results.json
