共 108 页待审计
[1/108] P3-R01-F01-业务流程导航图.html  问题:0 死链:0 JS错:0
[2/108] 仓储作业\其他入库列表.html  问题:1 死链:0 JS错:0
[3/108] 仓储作业\其他出库列表.html  问题:1 死链:0 JS错:0
[4/108] 仓储作业\库存查询.html  问题:0 死链:0 JS错:0
[5/108] 仓储作业\库存调拨列表.html  问题:1 死链:0 JS错:0
[6/108] 仓储作业\弹窗\其他入库单详情.html  问题:0 死链:0 JS错:0
[7/108] 仓储作业\弹窗\其他入库审核.html  问题:0 死链:0 JS错:0
[8/108] 仓储作业\弹窗\其他入库新建.html  问题:0 死链:0 JS错:0
[9/108] 仓储作业\弹窗\其他出库单详情.html  问题:0 死链:0 JS错:0
[10/108] 仓储作业\弹窗\其他出库审核.html  问题:0 死链:0 JS错:0
[11/108] 仓储作业\弹窗\其他出库新建.html  问题:0 死链:0 JS错:0
[12/108] 仓储作业\弹窗\库存流水.html  问题:0 死链:0 JS错:0
[13/108] 仓储作业\弹窗\盘点单详情.html  问题:0 死链:0 JS错:0
[14/108] 仓储作业\弹窗\盘点审核.html  问题:0 死链:0 JS错:0
[15/108] 仓储作业\弹窗\调拨单详情.html  问题:0 死链:0 JS错:0
[16/108] 仓储作业\弹窗\调拨审核.html  问题:0 死链:0 JS错:0
[17/108] 仓储作业\弹窗\调拨新建.html  问题:0 死链:0 JS错:0
[18/108] 仓储作业\盘点列表.html  问题:1 死链:0 JS错:0
[19/108] 仓储作业\盘点录入.html  问题:0 死链:0 JS错:0
[20/108] 基础数据\BOM.html  问题:0 死链:0 JS错:0
[21/108] 基础数据\BOM维护.html  问题:1 死链:0 JS错:0
[22/108] 基础数据\产品档案.html  问题:1 死链:0 JS错:0
[23/108] 基础数据\客商管理.html  问题:1 死链:0 JS错:0
[24/108] 基础数据\库位档案.html  问题:1 死链:0 JS错:0
[25/108] 基础数据\弹窗\BOM版本查看.html  问题:0 死链:0 JS错:0
[26/108] 基础数据\弹窗\产品详情.html  问题:0 死链:0 JS错:0
[27/108] 基础数据\弹窗\停用确认.html  问题:0 死链:0 JS错:0
[28/108] 基础数据\弹窗\客商详情.html  问题:0 死链:0 JS错:0
[29/108] 基础数据\弹窗\库位详情.html  问题:0 死链:0 JS错:0
[30/108] 基础数据\弹窗\新建产品.html  问题:0 死链:0 JS错:0
[31/108] 基础数据\弹窗\新建客商.html  问题:0 死链:0 JS错:0
[32/108] 基础数据\弹窗\新建库位.html  问题:0 死链:0 JS错:0
[33/108] 我的待办.html  问题:0 死链:0 JS错:0
[34/108] 租赁管理\在租台账.html  问题:1 死链:0 JS错:0
[35/108] 租赁管理\弹窗\器具出租履历.html  问题:0 死链:0 JS错:0
[36/108] 租赁管理\弹窗\报废确认.html  问题:0 死链:0 JS错:0
[37/108] 租赁管理\弹窗\租入入库单详情.html  问题:0 死链:0 JS错:0
[38/108] 租赁管理\弹窗\租入入库确认.html  问题:0 死链:0 JS错:0
[39/108] 租赁管理\弹窗\租入单审核.html  问题:0 死链:0 JS错:0
[40/108] 租赁管理\弹窗\租入单新建.html  问题:0 死链:0 JS错:0
[41/108] 租赁管理\弹窗\租入单详情.html  问题:0 死链:0 JS错:0
[42/108] 租赁管理\弹窗\租入归还单详情.html  问题:0 死链:0 JS错:0
[43/108] 租赁管理\弹窗\租入归还审核.html  问题:0 死链:0 JS错:0
[44/108] 租赁管理\弹窗\租入归还新建.html  问题:0 死链:0 JS错:0
[45/108] 租赁管理\弹窗\租赁单审核.html  问题:0 死链:0 JS错:0
[46/108] 租赁管理\弹窗\租赁单新建.html  问题:0 死链:0 JS错:0
[47/108] 租赁管理\弹窗\租赁单详情.html  问题:0 死链:0 JS错:0
[48/108] 租赁管理\弹窗\组合出库单详情.html  问题:0 死链:0 JS错:0
[49/108] 租赁管理\弹窗\组合出库确认.html  问题:0 死链:0 JS错:0
[50/108] 租赁管理\弹窗\退租入库单详情.html  问题:0 死链:0 JS错:0
[51/108] 租赁管理\弹窗\退租入库审核.html  问题:0 死链:0 JS错:0
[52/108] 租赁管理\租入入库列表.html  问题:1 死链:0 JS错:0
[53/108] 租赁管理\租入单列表.html  问题:3 死链:0 JS错:0
[54/108] 租赁管理\租入归还列表.html  问题:1 死链:0 JS错:0
[55/108] 租赁管理\租出台账.html  问题:1 死链:0 JS错:0
[56/108] 租赁管理\租赁单列表.html  问题:4 死链:0 JS错:0
[57/108] 租赁管理\组合出库列表.html  问题:1 死链:0 JS错:0
[58/108] 租赁管理\组合出库录单.html  问题:0 死链:0 JS错:0
[59/108] 租赁管理\退租入库列表.html  问题:1 死链:0 JS错:0
[60/108] 系统管理\弹窗\停用确认.html  问题:0 死链:0 JS错:0
[61/108] 系统管理\弹窗\新增字典项.html  问题:0 死链:0 JS错:0
[62/108] 系统管理\弹窗\新增用户.html  问题:0 死链:0 JS错:0
[63/108] 系统管理\弹窗\角色管理.html  问题:0 死链:0 JS错:0
[64/108] 系统管理\弹窗\重置密码确认.html  问题:0 死链:0 JS错:0
[65/108] 系统管理\操作日志.html  问题:0 死链:0 JS错:0
[66/108] 系统管理\数据字典.html  问题:0 死链:0 JS错:0
[67/108] 系统管理\用户权限.html  问题:0 死链:0 JS错:0
[68/108] 财务协同\付款登记.html  问题:1 死链:0 JS错:0
[69/108] 财务协同\回款登记.html  问题:1 死链:0 JS错:0
[70/108] 财务协同\应付账单.html  问题:1 死链:0 JS错:0
[71/108] 财务协同\应收账单.html  问题:1 死链:0 JS错:0
[72/108] 财务协同\开票登记.html  问题:1 死链:0 JS错:0
[73/108] 财务协同\弹窗\付款登记新建.html  问题:0 死链:0 JS错:0
[74/108] 财务协同\弹窗\付款登记详情.html  问题:0 死链:0 JS错:0
[75/108] 财务协同\弹窗\付款确认.html  问题:0 死链:0 JS错:0
[76/108] 财务协同\弹窗\回款登记详情.html  问题:0 死链:0 JS错:0
[77/108] 财务协同\弹窗\应付账单新建.html  问题:0 死链:0 JS错:0
[78/108] 财务协同\弹窗\应付账单详情.html  问题:0 死链:0 JS错:0
[79/108] 财务协同\弹窗\应收账单生成.html  问题:0 死链:0 JS错:0
[80/108] 财务协同\弹窗\应收账单详情.html  问题:0 死链:0 JS错:0
[81/108] 财务协同\弹窗\开票登记新建.html  问题:0 死链:0 JS错:0
[82/108] 财务协同\弹窗\开票登记详情.html  问题:0 死链:0 JS错:0
[83/108] 财务协同\弹窗\收款登记新建.html  问题:0 死链:0 JS错:0
[84/108] 财务协同\弹窗\水单核销详情.html  问题:0 死链:0 JS错:0
[85/108] 财务协同\盈亏报表.html  问题:0 死链:0 JS错:0
[86/108] 财务协同\银行水单核销.html  问题:1 死链:0 JS错:0
[87/108] 采购管理\弹窗\新建采购订单.html  问题:0 死链:0 JS错:0
[88/108] 采购管理\弹窗\采购入库单详情.html  问题:0 死链:0 JS错:0
[89/108] 采购管理\弹窗\采购入库审核.html  问题:0 死链:0 JS错:0
[90/108] 采购管理\弹窗\采购订单审核.html  问题:0 死链:0 JS错:0
[91/108] 采购管理\弹窗\采购订单详情.html  问题:0 死链:0 JS错:0
[92/108] 采购管理\采购入库列表.html  问题:1 死链:0 JS错:0
[93/108] 采购管理\采购入库录单.html  问题:0 死链:0 JS错:0
[94/108] 采购管理\采购订单列表.html  问题:3 死链:0 JS错:0
[95/108] 销售管理\弹窗\新建销售订单.html  问题:0 死链:0 JS错:0
[96/108] 销售管理\弹窗\销售出库单详情.html  问题:0 死链:0 JS错:0
[97/108] 销售管理\弹窗\销售出库审核.html  问题:0 死链:0 JS错:0
[98/108] 销售管理\弹窗\销售出库新建.html  问题:0 死链:0 JS错:0
[99/108] 销售管理\弹窗\销售订单审核.html  问题:0 死链:0 JS错:0
[100/108] 销售管理\弹窗\销售订单详情.html  问题:0 死链:0 JS错:0
[101/108] 销售管理\销售出库列表.html  问题:2 死链:0 JS错:0
[102/108] 销售管理\销售订单列表.html  问题:3 死链:0 JS错:0
[103/108] 项目管理\弹窗\上下游绑定.html  问题:0 死链:0 JS错:0
[104/108] 项目管理\弹窗\新建项目.html  问题:0 死链:0 JS错:0
[105/108] 项目管理\弹窗\编码规则.html  问题:0 死链:0 JS错:0
[106/108] 项目管理\项目档案.html  问题:1 死链:0 JS错:0
[107/108] 项目管理\项目详情.html  问题:0 死链:0 JS错:0
[108/108] 首页\项目看板.html  问题:0 死链:0 JS错:0

结果已写入 D:\工作台-吕道远\5-【ACTIVE】汽车物流包装租赁\_scan_tmpdir\audit_results.json
