共 125 页待审计
[1/125] P3-R01-F01-业务流程导航图.html  问题:0 死链:0 JS错:1
[2/125] 仓储作业\其他入库列表.html  问题:1 死链:0 JS错:0
[3/125] 仓储作业\其他出库列表.html  问题:1 死链:0 JS错:0
[4/125] 仓储作业\库存查询.html  问题:0 死链:0 JS错:0
[5/125] 仓储作业\库存调拨列表.html  问题:1 死链:0 JS错:0
[6/125] 仓储作业\弹窗\其他入库单详情.html  问题:0 死链:0 JS错:0
[7/125] 仓储作业\弹窗\其他入库审核.html  问题:0 死链:0 JS错:0
[8/125] 仓储作业\弹窗\其他入库新建.html  问题:0 死链:0 JS错:0
[9/125] 仓储作业\弹窗\其他出库单详情.html  问题:0 死链:0 JS错:0
[10/125] 仓储作业\弹窗\其他出库审核.html  问题:0 死链:0 JS错:0
[11/125] 仓储作业\弹窗\其他出库新建.html  问题:0 死链:0 JS错:0
[12/125] 仓储作业\弹窗\库存流水.html  问题:0 死链:0 JS错:0
[13/125] 仓储作业\弹窗\拆卸单详情.html  问题:0 死链:0 JS错:0
[14/125] 仓储作业\弹窗\拆卸审核.html  问题:0 死链:0 JS错:0
[15/125] 仓储作业\弹窗\拆卸新建.html  问题:0 死链:0 JS错:0
[16/125] 仓储作业\弹窗\盘点单详情.html  问题:0 死链:0 JS错:0
[17/125] 仓储作业\弹窗\盘点审核.html  问题:0 死链:0 JS错:0
[18/125] 仓储作业\弹窗\租入入库单详情.html  问题:0 死链:0 JS错:0
[19/125] 仓储作业\弹窗\租入入库确认.html  问题:0 死链:0 JS错:0
[20/125] 仓储作业\弹窗\租入归还单详情.html  问题:0 死链:0 JS错:0
[21/125] 仓储作业\弹窗\租入归还审核.html  问题:0 死链:0 JS错:0
[22/125] 仓储作业\弹窗\租入归还新建.html  问题:0 死链:0 JS错:0
[23/125] 仓储作业\弹窗\组合出库单详情.html  问题:0 死链:0 JS错:0
[24/125] 仓储作业\弹窗\组合出库确认.html  问题:0 死链:0 JS错:0
[25/125] 仓储作业\弹窗\组装单详情.html  问题:0 死链:0 JS错:0
[26/125] 仓储作业\弹窗\调拨单详情.html  问题:0 死链:0 JS错:0
[27/125] 仓储作业\弹窗\调拨审核.html  问题:0 死链:0 JS错:0
[28/125] 仓储作业\弹窗\调拨新建.html  问题:0 死链:0 JS错:0
[29/125] 仓储作业\弹窗\退租入库单详情.html  问题:0 死链:0 JS错:0
[30/125] 仓储作业\弹窗\退租入库审核.html  问题:0 死链:0 JS错:0
[31/125] 仓储作业\弹窗\采购入库单详情.html  问题:0 死链:0 JS错:0
[32/125] 仓储作业\弹窗\采购入库审核.html  问题:0 死链:0 JS错:0
[33/125] 仓储作业\弹窗\销售出库单详情.html  问题:0 死链:0 JS错:0
[34/125] 仓储作业\弹窗\销售出库审核.html  问题:0 死链:0 JS错:0
[35/125] 仓储作业\弹窗\销售出库新建.html  问题:0 死链:0 JS错:0
[36/125] 仓储作业\拆卸管理列表.html  问题:6 死链:0 JS错:0
[37/125] 仓储作业\盘点列表.html  问题:1 死链:0 JS错:0
[38/125] 仓储作业\盘点录入.html  问题:0 死链:0 JS错:0
[39/125] 仓储作业\租入入库列表.html  问题:1 死链:0 JS错:0
[40/125] 仓储作业\租入归还列表.html  问题:1 死链:0 JS错:0
[41/125] 仓储作业\组合出库列表.html  问题:1 死链:0 JS错:0
[42/125] 仓储作业\组合出库录单.html  问题:0 死链:0 JS错:0
[43/125] 仓储作业\组装列表.html  问题:1 死链:0 JS错:0
[44/125] 仓储作业\组装录单.html  问题:0 死链:0 JS错:0
[45/125] 仓储作业\退租入库列表.html  问题:1 死链:0 JS错:0
[46/125] 仓储作业\采购入库列表.html  问题:1 死链:0 JS错:0
[47/125] 仓储作业\采购入库录单.html  问题:0 死链:0 JS错:0
[48/125] 仓储作业\销售出库列表.html  问题:1 死链:0 JS错:0
[49/125] 基础数据\BOM.html  问题:0 死链:0 JS错:0
[50/125] 基础数据\BOM维护.html  问题:1 死链:0 JS错:0
[51/125] 基础数据\器具档案.html  问题:1 死链:0 JS错:0
[52/125] 基础数据\客商管理.html  问题:1 死链:0 JS错:0
[53/125] 基础数据\库位档案.html  问题:1 死链:0 JS错:0
[54/125] 基础数据\弹窗\BOM版本查看.html  问题:0 死链:0 JS错:0
[55/125] 基础数据\弹窗\停用确认.html  问题:0 死链:0 JS错:0
[56/125] 基础数据\弹窗\器具详情.html  问题:0 死链:0 JS错:0
[57/125] 基础数据\弹窗\客商详情.html  问题:0 死链:0 JS错:0
[58/125] 基础数据\弹窗\库位详情.html  问题:0 死链:0 JS错:0
[59/125] 基础数据\弹窗\新建器具.html  问题:0 死链:0 JS错:0
[60/125] 基础数据\弹窗\新建客商.html  问题:0 死链:0 JS错:0
[61/125] 基础数据\弹窗\新建库位.html  问题:0 死链:0 JS错:0
[62/125] 基础数据\弹窗\新建零部件.html  问题:0 死链:0 JS错:0
[63/125] 基础数据\弹窗\零部件详情.html  问题:0 死链:0 JS错:0
[64/125] 基础数据\零部件档案.html  问题:1 死链:0 JS错:0
[65/125] 租赁管理\丢损赔偿单.html  问题:1 死链:0 JS错:0
[66/125] 租赁管理\在租台账.html  问题:1 死链:0 JS错:0
[67/125] 租赁管理\弹窗\丢损赔偿单详情.html  问题:0 死链:0 JS错:0
[68/125] 租赁管理\弹窗\丢损赔偿审核.html  问题:0 死链:0 JS错:0
[69/125] 租赁管理\弹窗\器具出租履历.html  问题:0 死链:0 JS错:0
[70/125] 租赁管理\弹窗\报废确认.html  问题:0 死链:0 JS错:0
[71/125] 租赁管理\弹窗\退租申请审核.html  问题:0 死链:0 JS错:0
[72/125] 租赁管理\弹窗\退租申请新建.html  问题:0 死链:0 JS错:0
[73/125] 租赁管理\弹窗\退租申请详情.html  问题:0 死链:0 JS错:0
[74/125] 租赁管理\租出台账.html  问题:1 死链:0 JS错:0
[75/125] 租赁管理\退租申请列表.html  问题:1 死链:0 JS错:0
[76/125] 系统管理\弹窗\停用确认.html  问题:0 死链:0 JS错:0
[77/125] 系统管理\弹窗\新增字典项.html  问题:0 死链:0 JS错:0
[78/125] 系统管理\弹窗\新增用户.html  问题:0 死链:0 JS错:0
[79/125] 系统管理\弹窗\角色管理.html  问题:0 死链:0 JS错:0
[80/125] 系统管理\弹窗\重置密码确认.html  问题:0 死链:0 JS错:0
[81/125] 系统管理\操作日志.html  问题:0 死链:0 JS错:0
[82/125] 系统管理\数据字典.html  问题:0 死链:0 JS错:0
[83/125] 系统管理\用户权限.html  问题:0 死链:0 JS错:0
[84/125] 财务协同\付款登记.html  问题:1 死链:0 JS错:0
[85/125] 财务协同\回款登记.html  问题:1 死链:0 JS错:0
[86/125] 财务协同\应付账单.html  问题:1 死链:0 JS错:0
[87/125] 财务协同\应收账单.html  问题:1 死链:0 JS错:0
[88/125] 财务协同\开票登记.html  问题:1 死链:0 JS错:0
[89/125] 财务协同\弹窗\付款登记新建.html  问题:0 死链:0 JS错:0
[90/125] 财务协同\弹窗\付款登记详情.html  问题:0 死链:0 JS错:0
[91/125] 财务协同\弹窗\付款确认.html  问题:0 死链:0 JS错:0
[92/125] 财务协同\弹窗\回款登记详情.html  问题:0 死链:0 JS错:0
[93/125] 财务协同\弹窗\应付账单新建.html  问题:0 死链:0 JS错:0
[94/125] 财务协同\弹窗\应付账单详情.html  问题:0 死链:0 JS错:0
[95/125] 财务协同\弹窗\应收账单生成.html  问题:0 死链:0 JS错:0
[96/125] 财务协同\弹窗\应收账单详情.html  问题:0 死链:0 JS错:0
[97/125] 财务协同\弹窗\开票登记新建.html  问题:0 死链:0 JS错:0
[98/125] 财务协同\弹窗\开票登记详情.html  问题:0 死链:0 JS错:0
[99/125] 财务协同\弹窗\收款登记新建.html  问题:0 死链:0 JS错:0
[100/125] 财务协同\弹窗\水单核销详情.html  问题:0 死链:0 JS错:0
[101/125] 财务协同\盈亏报表.html  问题:0 死链:0 JS错:0
[102/125] 财务协同\银行水单核销.html  问题:1 死链:0 JS错:0
[103/125] 采购管理\弹窗\新建采购订单.html  问题:0 死链:0 JS错:0
[104/125] 采购管理\弹窗\租入单审核.html  问题:0 死链:0 JS错:0
[105/125] 采购管理\弹窗\租入单新建.html  问题:0 死链:0 JS错:0
[106/125] 采购管理\弹窗\租入单详情.html  问题:0 死链:0 JS错:0
[107/125] 采购管理\弹窗\采购订单审核.html  问题:0 死链:0 JS错:0
[108/125] 采购管理\弹窗\采购订单详情.html  问题:0 死链:0 JS错:0
[109/125] 采购管理\租入单列表.html  问题:1 死链:0 JS错:0
[110/125] 采购管理\采购订单列表.html  问题:3 死链:0 JS错:0
[111/125] 销售管理\弹窗\新建销售订单.html  问题:0 死链:0 JS错:0
[112/125] 销售管理\弹窗\租赁单审核.html  问题:0 死链:0 JS错:0
[113/125] 销售管理\弹窗\租赁单新建.html  问题:0 死链:0 JS错:0
[114/125] 销售管理\弹窗\租赁单详情.html  问题:0 死链:0 JS错:0
[115/125] 销售管理\弹窗\销售订单审核.html  问题:0 死链:0 JS错:0
[116/125] 销售管理\弹窗\销售订单详情.html  问题:0 死链:0 JS错:0
[117/125] 销售管理\租赁单列表.html  问题:1 死链:0 JS错:0
[118/125] 销售管理\销售订单列表.html  问题:3 死链:0 JS错:0
[119/125] 项目管理\弹窗\上下游绑定.html  问题:0 死链:0 JS错:0
[120/125] 项目管理\弹窗\新建项目.html  问题:0 死链:0 JS错:0
[121/125] 项目管理\弹窗\编码规则.html  问题:0 死链:0 JS错:0
[122/125] 项目管理\项目档案.html  问题:1 死链:0 JS错:0
[123/125] 项目管理\项目详情.html  问题:0 死链:0 JS错:0
[124/125] 首页\我的待办.html  问题:0 死链:0 JS错:0
[125/125] 首页\项目看板.html  问题:0 死链:0 JS错:0

结果已写入 D:\工作台-吕道远\5-【ACTIVE】汽车物流包装租赁\_scan_tmpdir\audit_results.json
