products._key	物料编码 ¹	→ material.code
products.name	物料名称 ¹	→ material.name
products.cls	物料类型 ¹（D-96 合并·原物料分类）	→ material.type
products.spec	规格 ²	→ material.spec
products.status	状态 ¹	→ status.std
products.date	建档日期 ¹	→ date.create
products.supplier	供应商（带出） ²	→ partner.supplier
products.title	页面标题（渲染元字段）	→ —
products.feeSecTitle	明细区标题（渲染元字段）	→ —
partners._key	企业编码 ¹	→ —
partners.name	客商 ¹	→ —
partners.type	客商类型 ¹	→ —
partners.contact	联系人 ¹	→ —
partners.status	合作状态 ¹	→ doc.status
partners.date	创建日期 ¹	→ date.create
partners.title	页面标题（渲染元字段）	→ —
partners.titleNo	客商名称 ²	→ —
partners.feeSecTitle	明细区标题（渲染元字段）	→ —
locations._key	库位编码 ¹	→ wh.location
locations.wh	库房 ¹	→ wh.warehouse
locations.area	库区 ¹（已退场·G31 T3 去库区层·数据无	→ —
locations.ltype	库位类型 ¹	→ wh.location
locations.spec	规格 / 承重 ²	→ material.spec
locations.usage	容量占用 ²	→ —
locations.status	状态 ¹	→ status.std
locations.title	页面标题（渲染元字段）	→ —
locations.feeSecTitle	明细区标题（渲染元字段）	→ —
bomVersions._key	记录键（单号/编码）	→ —
bomVersions.title	页面标题（渲染元字段）	→ —
bomVersions.titleNo	BOM 版本号	→ doc.no
bomVersions.feeSecTitle	明细区标题（渲染元字段）	→ —
bomList._key	父项编码 ¹	→ material.code
bomList.name	父项名称 ¹	→ material.name
bomList.ver	版本 ¹	→ —
bomList.status	状态 ¹	→ doc.status
bomList.mix	配方构成（来源混拆·租入/自购标注）	→ —
bomList.updater	更新人	→ doc.actor
bomList.update	更新日期 ¹	→ date.update
dictItems._key	记录键（单号/编码）	→ —
dictItems.category	字典大类	→ —
dictItems.abbr	简码	→ —
dictItems.name	字典项名称	→ —
dictItems.status	状态	→ status.std
projects._key	项目编码 （自动生成：前缀+日期+序号） ¹	→ project.name
projects.name	项目名称 ¹	→ project.name
projects.customer	客户 ¹	→ partner.customer
projects.suppliers	供应商 ¹	→ partner.supplier
projects.status	项目状态 ¹	→ status.project
projects.start	立项日期 ¹	→ date.create
projects.end	结束日期	→ date.biz
projects.owner	项目负责人 ¹	→ —
projectDocs._key	记录键（单号/编码）	→ —
projectDocs.type	单据类型	→ doc.type
projectDocs.summary	摘要	→ doc.summary
projectDocs.qty	数量	→ qty.base
projectDocs.status	状态	→ doc.status
projectDocs.date	单据日期	→ date.biz
projectDocs.ref	关联单据号	→ doc.ref
boardRows._key	记录键（单号/编码）	→ —
boardRows.name	条目名称	→ doc.summary
boardRows.customer	客户	→ partner.customer
boardRows.status	项目状态	→ status.project
purchaseOrders._key	采购订单号 ¹	→ doc.no
purchaseOrders.supplier	供应商 ¹	→ partner.supplier
purchaseOrders.mtype	物料类型 ¹	→ material.type
purchaseOrders.summary	摘要	→ doc.summary
purchaseOrders.date	下单日期 ¹	→ date.biz
purchaseOrders.so	审核人 ²	→ doc.actor
purchaseOrders.status	订单状态 ¹	→ doc.status
purchaseOrders.title	页面标题（渲染元字段）	→ —
purchaseOrders.feeSecTitle	明细区标题（渲染元字段）	→ —
purchaseInbounds._key	入库单号 ¹	→ doc.no
purchaseInbounds.supplier	供应商 ¹	→ partner.supplier
purchaseInbounds.project	所属项目 ¹	→ project.name
purchaseInbounds.bizType	业务类型 ¹	→ doc.type
purchaseInbounds.status	入库状态 ¹	→ doc.status
purchaseInbounds.inTime	入库时间 ¹	→ date.min
purchaseInbounds.title	页面标题（渲染元字段）	→ —
purchaseInbounds.feeSecTitle	明细区标题（渲染元字段）	→ —
salesOrders._key	销售订单号 ¹	→ doc.no
salesOrders.customer	客户 ¹	→ partner.customer
salesOrders.project	所属项目 ¹	→ project.name
salesOrders.summary	摘要	→ doc.summary
salesOrders.mode	下单方式 ¹（已退场·2026-09-14 删域	→ —
salesOrders.status	订单状态 ¹	→ doc.status
salesOrders.agent	业务员 ²	→ —
salesOrders.date	下单日期 ¹	→ date.biz
salesOrders.po	关联采购订单号	→ doc.ref
salesOrders.title	页面标题（渲染元字段）	→ —
salesOrders.feeSecTitle	明细区标题（渲染元字段）	→ —
salesOutbounds._key	出库单号 ¹	→ doc.no
salesOutbounds.so	关联销售订单号 ¹	→ doc.ref
salesOutbounds.customer	客户 ¹	→ partner.customer
salesOutbounds.project	所属项目 ¹	→ project.name
salesOutbounds.summary	摘要	→ doc.summary
salesOutbounds.warehouse	出库库房 ²	→ wh.warehouse
salesOutbounds.date	出库日期 ¹	→ date.biz
salesOutbounds.status	状态 ¹	→ doc.status
salesOutbounds.title	页面标题（渲染元字段）	→ —
salesOutbounds.feeSecTitle	明细区标题（渲染元字段）	→ —
leaseOrders._key	租赁单号 ¹	→ doc.no
leaseOrders.billing	计费方式	→ price.mode
leaseOrders.customer	客户 ¹	→ partner.customer
leaseOrders.project	所属项目 ¹	→ project.name
leaseOrders.status	状态 ¹	→ doc.status
leaseOrders.start	建单日期 ¹	→ date.biz
leaseOrders.title	页面标题（渲染元字段）	→ —
leaseOrders.feeSecTitle	明细区标题（渲染元字段）	→ —
comboOutbounds._key	出库单号 ¹	→ doc.no
comboOutbounds.project	所属项目 ¹	→ project.name
comboOutbounds.customer	客户 ¹	→ partner.customer
comboOutbounds.zl	关联租赁单 ²	→ doc.ref
comboOutbounds.combo	组合件编码 ¹	→ material.code
comboOutbounds.so	关联销售订单 ²	→ doc.ref
comboOutbounds.addr	送达地点 ²	→ —
comboOutbounds.status	出库状态 ¹	→ doc.status
comboOutbounds.date	出库日期 ¹	→ date.biz
comboOutbounds.title	页面标题（渲染元字段）	→ —
comboOutbounds.feeSecTitle	明细区标题（渲染元字段）	→ —
returnInbounds._key	退租入库单号 ¹	→ doc.no
returnInbounds.customer	客户 ¹	→ partner.customer
returnInbounds.project	所属项目 ¹	→ project.name
returnInbounds.appliance	物料	→ material.name
returnInbounds.dest	拆散去向 ²	→ —
returnInbounds.warehouse	入库库房 ²	→ wh.warehouse
returnInbounds.date	入库日期 ¹	→ date.biz
returnInbounds.result	验收结果 ¹	→ —
returnInbounds.status	状态	→ doc.status
returnInbounds.title	页面标题（渲染元字段）	→ —
returnInbounds.feeSecTitle	明细区标题（渲染元字段）	→ —
rentTracks._key	记录键（单号/编码）	→ —
rentTracks.project	所属项目 ²	→ project.name
rentTracks.customer	客户 ²	→ partner.customer
rentTracks.combo	器具 / 组合件 ²	→ material.name
rentTracks.src	资产来源 ²	→ —
rentTracks.date	起租日期 ²	→ date.biz
rentTracks.back	租期止 ²	→ —
rentTracks.status	租赁状态	→ status.rent
rentTracks.title	页面标题（渲染元字段）	→ —
rentTracks.feeSecTitle	明细区标题（渲染元字段）	→ —
rentInOrders._key	租入单号 ¹	→ doc.no
rentInOrders.operator	供应商 ¹	→ partner.supplier
rentInOrders.appliance	器具 ¹	→ material.name
rentInOrders.period	已生成租金应付 ²	→ —
rentInOrders.status	状态 ¹	→ doc.status
rentInOrders.agent	经办人 ¹	→ doc.actor
rentInOrders.date	租期开始 ¹	→ —
rentInOrders.title	页面标题（渲染元字段）	→ —
rentInOrders.feeSecTitle	明细区标题（渲染元字段）	→ —
rentInbounds._key	入库单号 ¹	→ doc.no
rentInbounds.ref	关联租入单 ¹	→ doc.ref
rentInbounds.operator	供应商 ¹	→ partner.supplier
rentInbounds.appliance	物料 ¹	→ material.name
rentInbounds.area	入库库房 ²	→ wh.warehouse
rentInbounds.status	状态 ¹	→ doc.status
rentInbounds.maker	经办人 ²	→ doc.actor
rentInbounds.date	入库日期 ¹	→ date.biz
rentInbounds.title	页面标题（渲染元字段）	→ —
rentInbounds.feeSecTitle	明细区标题（渲染元字段）	→ —
rentInReturns._key	归还单号 ¹	→ doc.no
rentInReturns.ref	关联租入单 ¹	→ doc.ref
rentInReturns.operator	供应商 ¹	→ partner.supplier
rentInReturns.rtype	归还类型 ¹	→ doc.type
rentInReturns.appliance	物料 ²	→ material.name
rentInReturns.status	状态 ¹	→ doc.status
rentInReturns.maker	经办人 ²	→ doc.actor
rentInReturns.date	归还日期 ¹	→ date.biz
rentInReturns.title	页面标题（渲染元字段）	→ —
rentInReturns.feeSecTitle	明细区标题（渲染元字段）	→ —
otherInbounds._key	单据编号 ¹	→ doc.no
otherInbounds.type	入库类型 ¹	→ —
otherInbounds.material	物料名称 ¹	→ material.name
otherInbounds.warehouse	入库库房 ¹	→ wh.warehouse
otherInbounds.date	入库日期 ¹	→ date.biz
otherInbounds.status	状态 ¹	→ doc.status
otherInbounds.title	页面标题（渲染元字段）	→ —
otherInbounds.feeSecTitle	明细区标题（渲染元字段）	→ —
otherOutbounds._key	单据编号 ¹	→ doc.no
otherOutbounds.type	出库类型 ¹	→ —
otherOutbounds.material	物料名称 ¹	→ material.name
otherOutbounds.warehouse	出库库房 ¹	→ wh.warehouse
otherOutbounds.date	出库日期 ¹	→ date.biz
otherOutbounds.status	状态 ¹	→ doc.status
otherOutbounds.title	页面标题（渲染元字段）	→ —
otherOutbounds.feeSecTitle	明细区标题（渲染元字段）	→ —
stocktakes._key	盘点单号 ¹	→ doc.no
stocktakes.scope	盘点范围 ¹	→ —
stocktakes.caliber	盘点口径 ¹	→ —
stocktakes.status	盘点状态 ¹	→ doc.status
stocktakes.checker	盘点人 ¹	→ —
stocktakes.date	盘点日期 ¹	→ date.biz
stocktakes.title	页面标题（渲染元字段）	→ —
stocktakes.feeSecTitle	明细区标题（渲染元字段）	→ —
transfers._key	调拨单号 ¹	→ doc.no
transfers.material	物料名称 ¹	→ material.name
transfers.frm	调出库房 ¹	→ wh.warehouse
transfers.to	调入库房 ²	→ wh.warehouse
transfers.date	调拨日期 ¹	→ date.biz
transfers.status	状态 ¹	→ doc.status
transfers.title	页面标题（渲染元字段）	→ —
transfers.feeSecTitle	明细区标题（渲染元字段）	→ —
stockFlows._key	物料编码 ¹	→ material.code
stockFlows.status	库存状态 ¹	→ status.stock
stockFlows.name	名称规格 ²	→ material.nameSpec
stockFlows.cls	物料类型 ²	→ material.type
stockFlows.project	适用项目 ²	→ project.name
stockFlows.area	库房 ²	→ wh.warehouse
stockFlows.title	页面标题（渲染元字段）	→ —
stockFlows.titleNo	流水行标题（渲染元字段）	→ —
stockFlows.feeSecTitle	明细区标题（渲染元字段）	→ —
assetTracks._key	记录键（单号/编码）	→ —
assetTracks.name	名称 ²	→ —
assetTracks.project	所属项目 ²	→ project.name
assetTracks.status	状态（G38 降级注记·页面无对照标签）	→ status.rent
assetTracks.title	页面标题（渲染元字段）	→ —
assetTracks.feeSecTitle	明细区标题（渲染元字段）	→ —
payableBills._key	应付账单号 ¹	→ doc.no
payableBills.supplier	供应商 ¹	→ partner.supplier
payableBills.btype	账单类型 ¹	→ doc.type
payableBills.project	所属项目	→ project.name
payableBills.period	账期	→ date.period
payableBills.ref	关联采购订单号 ¹	→ doc.ref
payableBills.inbound	关联入库单号	→ doc.ref
payableBills.date	账单日期 ¹	→ date.biz
payableBills.status	状态 ¹	→ doc.status
payableBills.title	页面标题（渲染元字段）	→ —
payableBills.billNo	账单号	→ doc.no
payableBills.billType	账单类型	→ doc.type
payableBills.amount	账单金额	→ amount.bill
payableBills.paid	已付金额	→ amount.paid
payableBills.genMode	生成方式	→ doc.gen
payableBills.scenario	演示场景（测试注记）	→ —
receivableBills._key	账单编号 ¹	→ doc.no
receivableBills.period	账期 ¹	→ date.period
receivableBills.project	所属项目 ¹	→ project.name
receivableBills.customer	客户 ¹	→ partner.customer
receivableBills.btype	账单类型 ¹	→ doc.type
receivableBills.docs	关联单据号	→ doc.ref
receivableBills.gen	生成方式	→ doc.gen
receivableBills.date	生成日期 ¹	→ date.biz
receivableBills.status	账单状态 ¹	→ doc.status
receivableBills.title	页面标题（渲染元字段）	→ —
receivableBills.billNo	账单号	→ doc.no
receivableBills.billType	账单类型	→ doc.type
receivableBills.amount	账单金额	→ amount.bill
receivableBills.paid	已收金额	→ amount.received
receivableBills.genMode	生成方式（G38 降级注记·页面无对照标签）	→ doc.gen
receivableBills.scenario	演示场景（测试注记）	→ —
receivableBills.verified	已核销金额	→ amount.writeoff
receivableBills.genDate	生成日期	→ date.biz
receivableBills.feeType	费用类型	→ doc.type
payments._key	付款编号 ¹	→ doc.no
payments.supplier	供应商 ¹	→ partner.supplier
payments.ref	关联应付账单号 ¹	→ doc.ref
payments.bank	付款账户 ²	→ —
payments.date	付款日期 ¹	→ date.biz
payments.status	状态 ¹	→ doc.status
payments.title	页面标题（渲染元字段）	→ —
receipts._key	收款编号 ¹	→ doc.no
receipts.customer	客户 ¹	→ partner.customer
receipts.ref	关联应收 ²	→ doc.ref
receipts.bank	银行账户 ¹	→ —
receipts.receipt	银行回单	→ doc.receipt
receipts.date	收款日期 ¹	→ date.biz
receipts.status	核销状态 ¹	→ doc.status
receipts.title	页面标题（渲染元字段）	→ —
invoices._key	发票登记号 ¹	→ doc.no
invoices.no	发票号码 ¹	→ doc.no
invoices.itype	发票类型 ¹	→ —
invoices.buyer	购方名称 ¹	→ —
invoices.ref	关联应收 ²	→ doc.ref
invoices.date	开票日期 ¹	→ date.biz
invoices.status	开票状态 ¹	→ doc.status
invoices.title	页面标题（渲染元字段）	→ —
writeoffs._key	记录键（单号/编码）	→ —
writeoffs.sd	银行回单号 ²	→ doc.no
writeoffs.ref	关联单据号	→ doc.ref
writeoffs.status	核销状态	→ doc.status
writeoffs.time	核销时间	→ date.min
writeoffs.who	经办 ²	→ doc.actor
writeoffs.title	页面标题（渲染元字段）	→ —
writeoffs.titleNo	银行回单号 ²	→ doc.no
profitRows._key	记录键（单号/编码）	→ —
profitRows.code	所属项目 ¹	→ project.name
profitRows.name	条目名称	→ doc.summary
profitRows.period	账期 ¹	→ date.period
roles._key	记录键（单号/编码）	→ —
roles.name	角色名称 ¹	→ —
roles.desc	角色描述	→ —
roles.scope	数据权限 ¹	→ —
roles.accts	关联账号数	→ doc.ref
users._key	记录键（单号/编码）	→ —
users.search	用户账号 / 姓名 ¹	→ —
users.role	角色 ¹	→ —
users.side	所属方 ¹	→ —
users.scope	数据权限范围 ¹	→ —
users.status	状态	→ status.std
opLogs._key	记录键（单号/编码）	→ —
opLogs.user	操作人 ¹	→ doc.actor
opLogs.module	所属模块 ¹	→ —
opLogs.opType	操作类型 ¹	→ —
opLogs.time	操作时间 ¹	→ date.min
opLogs.summary	内容关键字 ¹	→ —
todoItems._key	记录键（单号/编码）	→ —
todoItems.auditor	审核人	→ doc.actor
todoItems.type	待办类型	→ doc.type
todoItems.docNo	单据号	→ doc.no
todoItems.summary	摘要	→ doc.summary
todoItems.project	所属项目	→ project.name
todoItems.submitter	提交人	→ doc.actor
todoItems.time	提交时间	→ date.min
todoItems.action	待办动作	→ doc.status
todoItems.link	跳转链接（渲染元字段）	→ —
productTaxes._key	记录键（TAX-00x）	→ —
productTaxes.product	物料编码 ¹	→ material.code
productTaxes.productName	物料名称 ¹	→ material.name
productTaxes.cls	物料分类 ¹	→ material.name
productTaxes.supplier	供应商 ¹	→ partner.supplier
productTaxes.taxRate	税率 ¹	→ price.rate
productTaxes.settleCycle	结算周期 ¹	→ partner.settle
purchaseReturns._key	退货单号 ¹	→ doc.no
purchaseReturns.type	退货类型 ¹（THC 字典）	→ doc.type
purchaseReturns.ref	关联原单 ¹（采购入库单号）	→ doc.ref
purchaseReturns.supplier	供应商 ¹	→ partner.supplier
purchaseReturns.material	物料 ¹	→ material.name
purchaseReturns.qty	数量 ¹	→ qty.base
purchaseReturns.amount	金额 ¹（元·千分位）	→ price.amount
purchaseReturns.status	状态 ¹	→ doc.status
purchaseReturns.date	退货日期 ¹	→ date.biz
salesReturns._key	退货单号 ¹	→ doc.no
salesReturns.type	退货类型 ¹（THC 字典）	→ doc.type
salesReturns.ref	关联出库单号 ¹（salesOutbounds 	→ doc.ref
salesReturns.customer	客户 ¹	→ partner.customer
salesReturns.material	物料 ¹	→ material.name
salesReturns.qty	数量 ¹	→ qty.base
salesReturns.amount	含税金额 ¹	→ price.amount
salesReturns.status	状态 ¹	→ doc.status
salesReturns.date	退货日期 ¹	→ date.biz
refunds._key	退款单号 ¹	→ doc.no
refunds.type	退款类型 ¹（TKL 字典）	→ doc.type
refunds.ref	关联退货单 ¹	→ doc.ref
refunds.partner	往来单位 ¹	→ —
refunds.amount	退款金额 ¹（元）	→ amount.refund
refunds.direction	资金方向 ¹	→ —
refunds.status	状态 ¹	→ doc.status
refunds.date	退款日期 ¹	→ date.biz
transferOutbounds._key	转移单号 ¹	→ doc.no
transferOutbounds.from	转出方（直接客户） ¹	→ —
transferOutbounds.to	接收方（终端客户） ¹	→ —
transferOutbounds.material	物料 ¹	→ material.name
transferOutbounds.qty	数量 ¹	→ qty.base
transferOutbounds.settle	结算方式 ¹	→ project.renter
transferOutbounds.date	转移日期 ¹	→ date.biz
transferOutbounds.project	关联项目	→ doc.ref
transferOutbounds.status	状态 ¹	→ doc.status