共 133 页待审计
[1/133] P3-R01-A06-实体关系与状态机.html  问题:0 死链:0 JS错:0
[2/133] P3-R01-F01-业务流程导航图.html  问题:0 死链:0 JS错:0
[3/133] mobile/审批详情.html  问题:0 死链:0 JS错:0
[4/133] mobile/库存查询.html  问题:0 死链:0 JS错:0
[5/133] mobile/待办审批.html  问题:0 死链:0 JS错:0
[6/133] mobile/我的.html  问题:0 死链:0 JS错:0
[7/133] mobile/登录.html  问题:0 死链:0 JS错:0
[8/133] 仓储作业/其他入库列表.html  问题:0 死链:0 JS错:0
[9/133] 仓储作业/其他入库审核.html  问题:0 死链:0 JS错:0
[10/133] 仓储作业/其他入库新建.html  问题:0 死链:0 JS错:0
[11/133] 仓储作业/其他入库详情.html  问题:0 死链:0 JS错:0
[12/133] 仓储作业/其他出库列表.html  问题:0 死链:0 JS错:0
[13/133] 仓储作业/其他出库审核.html  问题:0 死链:0 JS错:0
[14/133] 仓储作业/其他出库新建.html  问题:0 死链:0 JS错:0
[15/133] 仓储作业/其他出库详情.html  问题:0 死链:0 JS错:0
[16/133] 仓储作业/库存查询.html  问题:0 死链:0 JS错:0
[17/133] 仓储作业/库存流水.html  问题:0 死链:0 JS错:0
[18/133] 仓储作业/库存调拨列表.html  问题:0 死链:0 JS错:0
[19/133] 仓储作业/盘点列表.html  问题:0 死链:0 JS错:0
[20/133] 仓储作业/盘点审核.html  问题:0 死链:0 JS错:0
[21/133] 仓储作业/盘点录入.html  问题:0 死链:0 JS错:0 审计异常:Error: Page.evaluate: Execution context was destroyed, most likely because of a 
[22/133] 仓储作业/盘点详情.html  问题:0 死链:0 JS错:0
[23/133] 仓储作业/调拨审核.html  问题:0 死链:0 JS错:0
[24/133] 仓储作业/调拨新建.html  问题:0 死链:0 JS错:0
[25/133] 仓储作业/调拨详情.html  问题:0 死链:0 JS错:0
[26/133] 基础数据/BOM.html  问题:0 死链:0 JS错:0
[27/133] 基础数据/BOM版本查看.html  问题:0 死链:0 JS错:0
[28/133] 基础数据/BOM维护.html  问题:0 死链:0 JS错:0
[29/133] 基础数据/产品档案.html  问题:0 死链:0 JS错:0
[30/133] 基础数据/客商开票资料.html  问题:0 死链:0 JS错:0
[31/133] 基础数据/客商收货信息.html  问题:0 死链:0 JS错:0
[32/133] 基础数据/客商新建.html  问题:0 死链:0 JS错:0
[33/133] 基础数据/客商管理.html  问题:0 死链:0 JS错:0
[34/133] 基础数据/客商详情.html  问题:0 死链:0 JS错:0
[35/133] 基础数据/库位新建.html  问题:0 死链:0 JS错:0
[36/133] 基础数据/库位档案.html  问题:0 死链:0 JS错:0
[37/133] 基础数据/库位详情.html  问题:0 死链:0 JS错:0
[38/133] 基础数据/弹窗/停用确认.html  问题:0 死链:0 JS错:0
[39/133] 基础数据/物料新建.html  问题:0 死链:0 JS错:0
[40/133] 基础数据/物料详情.html  问题:0 死链:0 JS错:0
[41/133] 我的待办.html  问题:0 死链:0 JS错:0
[42/133] 登录.html  问题:0 死链:0 JS错:0 审计异常:Error: Page.evaluate: Execution context was destroyed, most likely because of a 
[43/133] 租入管理/租入入库列表.html  问题:0 死链:0 JS错:0
[44/133] 租入管理/租入入库确认.html  问题:0 死链:0 JS错:0
[45/133] 租入管理/租入入库详情.html  问题:0 死链:0 JS错:0
[46/133] 租入管理/租入单列表.html  问题:0 死链:0 JS错:0
[47/133] 租入管理/租入单审核.html  问题:0 死链:0 JS错:0
[48/133] 租入管理/租入单新建.html  问题:0 死链:0 JS错:0
[49/133] 租入管理/租入单详情.html  问题:0 死链:0 JS错:0
[50/133] 租入管理/租入归还列表.html  问题:0 死链:0 JS错:0
[51/133] 租入管理/租入归还审核.html  问题:0 死链:0 JS错:0
[52/133] 租入管理/租入归还新建.html  问题:0 死链:0 JS错:0
[53/133] 租入管理/租入归还详情.html  问题:0 死链:0 JS错:0
[54/133] 租赁管理/出货单打印.html  问题:0 死链:0 JS错:0
[55/133] 租赁管理/器具出租履历.html  问题:0 死链:0 JS错:0
[56/133] 租赁管理/租赁出库列表.html  问题:0 死链:0 JS错:0
[57/133] 租赁管理/租赁出库录单.html  问题:0 死链:0 JS错:0
[58/133] 租赁管理/租赁出库确认.html  问题:0 死链:0 JS错:0
[59/133] 租赁管理/租赁出库详情.html  问题:0 死链:0 JS错:0
[60/133] 租赁管理/租赁单列表.html  问题:0 死链:0 JS错:0
[61/133] 租赁管理/租赁单审核.html  问题:0 死链:0 JS错:0
[62/133] 租赁管理/租赁单新建.html  问题:0 死链:0 JS错:0
[63/133] 租赁管理/租赁单详情.html  问题:0 死链:0 JS错:0
[64/133] 租赁管理/转移出库列表.html  问题:0 死链:0 JS错:0
[65/133] 租赁管理/转移出库单详情.html  问题:0 死链:0 JS错:0
[66/133] 租赁管理/转移出库审核.html  问题:0 死链:0 JS错:0
[67/133] 租赁管理/转移出库新建.html  问题:0 死链:0 JS错:0
[68/133] 租赁管理/退租入库列表.html  问题:0 死链:0 JS错:0
[69/133] 租赁管理/退租入库审核.html  问题:0 死链:0 JS错:0
[70/133] 租赁管理/退租入库新建.html  问题:0 死链:0 JS错:0
[71/133] 租赁管理/退租入库详情.html  问题:0 死链:0 JS错:0
[72/133] 系统管理/字典项新建.html  问题:0 死链:0 JS错:0
[73/133] 系统管理/弹窗/停用确认.html  问题:0 死链:0 JS错:0
[74/133] 系统管理/弹窗/重置密码确认.html  问题:0 死链:0 JS错:0
[75/133] 系统管理/操作日志.html  问题:0 死链:0 JS错:0
[76/133] 系统管理/数据字典.html  问题:0 死链:0 JS错:0
[77/133] 系统管理/权限配置.html  问题:0 死链:0 JS错:0
[78/133] 系统管理/用户新建.html  问题:0 死链:0 JS错:0
[79/133] 系统管理/用户权限.html  问题:0 死链:0 JS错:0
[80/133] 系统管理/角色新建.html  问题:0 死链:0 JS错:0
[81/133] 系统管理/角色管理.html  问题:0 死链:0 JS错:0
[82/133] 财务协同/付款新建.html  问题:1 死链:0 JS错:0
[83/133] 财务协同/付款登记.html  问题:0 死链:0 JS错:0
[84/133] 财务协同/付款确认.html  问题:0 死链:0 JS错:0
[85/133] 财务协同/付款详情.html  问题:0 死链:0 JS错:0
[86/133] 财务协同/应付新建.html  问题:0 死链:0 JS错:0
[87/133] 财务协同/应付详情.html  问题:0 死链:0 JS错:0
[88/133] 财务协同/应付账单.html  问题:0 死链:0 JS错:0
[89/133] 财务协同/应收生成.html  问题:0 死链:0 JS错:0
[90/133] 财务协同/应收详情.html  问题:0 死链:0 JS错:0
[91/133] 财务协同/应收账单.html  问题:0 死链:0 JS错:0
[92/133] 财务协同/开票新建.html  问题:0 死链:0 JS错:0
[93/133] 财务协同/开票登记.html  问题:0 死链:0 JS错:0
[94/133] 财务协同/开票详情.html  问题:0 死链:0 JS错:0
[95/133] 财务协同/损益报表.html  问题:0 死链:0 JS错:0
[96/133] 财务协同/收款新建.html  问题:1 死链:0 JS错:0
[97/133] 财务协同/收款登记.html  问题:0 死链:0 JS错:0
[98/133] 财务协同/收款详情.html  问题:0 死链:0 JS错:0
[99/133] 财务协同/退款新建.html  问题:0 死链:0 JS错:0
[100/133] 财务协同/退款登记.html  问题:0 死链:0 JS错:0
[101/133] 财务协同/退款详情.html  问题:0 死链:0 JS错:0
[102/133] 财务协同/银行回单核销.html  问题:0 死链:0 JS错:0
[103/133] 财务协同/银行回单核销详情.html  问题:0 死链:0 JS错:0
[104/133] 采购管理/采购入库列表.html  问题:0 死链:0 JS错:0
[105/133] 采购管理/采购入库审核.html  问题:0 死链:0 JS错:0
[106/133] 采购管理/采购入库录单.html  问题:0 死链:0 JS错:0
[107/133] 采购管理/采购入库详情.html  问题:0 死链:0 JS错:0
[108/133] 采购管理/采购订单列表.html  问题:0 死链:0 JS错:0
[109/133] 采购管理/采购订单审核.html  问题:0 死链:0 JS错:0
[110/133] 采购管理/采购订单新建.html  问题:0 死链:0 JS错:0
[111/133] 采购管理/采购订单详情.html  问题:0 死链:0 JS错:0
[112/133] 采购管理/采购退货单列表.html  问题:0 死链:0 JS错:0
[113/133] 采购管理/采购退货审核.html  问题:0 死链:0 JS错:0
[114/133] 采购管理/采购退货新建.html  问题:0 死链:0 JS错:0
[115/133] 采购管理/采购退货详情.html  问题:0 死链:0 JS错:0
[116/133] 销售管理/销售出库列表.html  问题:0 死链:0 JS错:0
[117/133] 销售管理/销售出库审核.html  问题:0 死链:0 JS错:0
[118/133] 销售管理/销售出库新建.html  问题:0 死链:0 JS错:0
[119/133] 销售管理/销售出库详情.html  问题:0 死链:0 JS错:0
[120/133] 销售管理/销售订单列表.html  问题:0 死链:0 JS错:0
[121/133] 销售管理/销售订单审核.html  问题:0 死链:0 JS错:0
[122/133] 销售管理/销售订单新建.html  问题:0 死链:0 JS错:0
[123/133] 销售管理/销售订单详情.html  问题:0 死链:0 JS错:0
[124/133] 销售管理/销售退货单列表.html  问题:0 死链:0 JS错:0
[125/133] 销售管理/销售退货审核.html  问题:0 死链:0 JS错:0
[126/133] 销售管理/销售退货新建.html  问题:0 死链:0 JS错:0
[127/133] 销售管理/销售退货详情.html  问题:0 死链:0 JS错:0
[128/133] 项目管理/上下游绑定.html  问题:0 死链:0 JS错:0
[129/133] 项目管理/编码规则.html  问题:0 死链:0 JS错:0
[130/133] 项目管理/项目新建.html  问题:0 死链:0 JS错:0
[131/133] 项目管理/项目档案.html  问题:0 死链:0 JS错:0
[132/133] 项目管理/项目详情.html  问题:0 死链:0 JS错:0
[133/133] 首页/项目看板.html  问题:0 死链:0 JS错:0

结果已写入 /Users/bailey/Desktop/xiaohei-workplace/auto-parts-rental/_scan_tmpdir/audit_results.json
