OK 仓储作业/租入入库列表.html: 标注 2/2
OK 仓储作业/租入归还列表.html: 标注 2/2
OK 仓储作业/组合出库列表.html: 标注 2/2
OK 仓储作业/组装列表.html: 标注 2/2
OK 仓储作业/退租入库列表.html: 标注 3/3
OK 仓储作业/采购入库列表.html: 标注 3/3
OK 仓储作业/销售出库列表.html: 标注 1/1
OK 基础数据/BOM.html: 标注 1/1
OK 租赁管理/丢损赔偿单.html: 标注 2/2
OK 租赁管理/在租台账.html: 标注 1/1
OK 租赁管理/租出台账.html: 标注 1/1
OK 租赁管理/退租申请列表.html: 标注 3/3
OK 财务协同/付款登记.html: 标注 1/1
OK 财务协同/回款登记.html: 标注 1/1
OK 财务协同/应付账单.html: 标注 3/3
OK 财务协同/应收账单.html: 标注 3/3
OK 财务协同/开票登记.html: 标注 1/1
OK 财务协同/银行水单核销.html: 标注 1/1
OK 采购管理/租入单列表.html: 标注 2/2
OK 采购管理/采购订单列表.html: 标注 1/1
OK 销售管理/租赁单列表.html: 标注 5/5
OK 销售管理/销售订单列表.html: 标注 1/1
OK 首页/我的待办.html: 标注 1/1
