共 128 页待审计
[1/128] mobile\审批详情.html  问题:0 死链:0 JS错:0
[2/128] mobile\库存查询.html  问题:0 死链:0 JS错:0
[3/128] mobile\待办审批.html  问题:0 死链:0 JS错:0
[4/128] mobile\我的.html  问题:0 死链:0 JS错:0
[5/128] mobile\登录.html  问题:0 死链:0 JS错:0
[6/128] P3-R01-A06-实体关系与状态机.html  问题:0 死链:0 JS错:0
[7/128] P3-R01-F01-业务流程导航图.html  问题:0 死链:0 JS错:0
[8/128] 仓储作业\其他入库列表.html  问题:1 死链:0 JS错:0
[9/128] 仓储作业\其他出库列表.html  问题:1 死链:0 JS错:0
[10/128] 仓储作业\库存查询.html  问题:1 死链:0 JS错:0
[11/128] 仓储作业\库存调拨列表.html  问题:1 死链:0 JS错:0
[12/128] 仓储作业\弹窗\其他入库单详情.html  问题:0 死链:0 JS错:0
[13/128] 仓储作业\弹窗\其他入库审核.html  问题:0 死链:0 JS错:0
[14/128] 仓储作业\弹窗\其他入库新建.html  问题:0 死链:0 JS错:0
[15/128] 仓储作业\弹窗\其他出库单详情.html  问题:0 死链:0 JS错:0
[16/128] 仓储作业\弹窗\其他出库审核.html  问题:0 死链:0 JS错:0
[17/128] 仓储作业\弹窗\其他出库新建.html  问题:0 死链:0 JS错:0
[18/128] 仓储作业\弹窗\库存流水.html  问题:0 死链:0 JS错:0
[19/128] 仓储作业\弹窗\盘点单详情.html  问题:0 死链:0 JS错:0
[20/128] 仓储作业\弹窗\盘点审核.html  问题:0 死链:0 JS错:0
[21/128] 仓储作业\弹窗\调拨单详情.html  问题:0 死链:0 JS错:0
[22/128] 仓储作业\弹窗\调拨审核.html  问题:0 死链:0 JS错:0
[23/128] 仓储作业\弹窗\调拨新建.html  问题:0 死链:0 JS错:0
[24/128] 仓储作业\盘点列表.html  问题:1 死链:0 JS错:0
[25/128] 仓储作业\盘点录入.html  问题:0 死链:0 JS错:0 审计异常:Error: Page.evaluate: Execution context was destroyed, most likely because of a 
[26/128] 基础数据\BOM.html  问题:0 死链:0 JS错:0
[27/128] 基础数据\BOM版本查看.html  问题:0 死链:0 JS错:0
[28/128] 基础数据\BOM维护.html  问题:0 死链:0 JS错:0
[29/128] 基础数据\产品档案.html  问题:0 死链:0 JS错:0
[30/128] 基础数据\客商开票资料.html  问题:0 死链:0 JS错:0
[31/128] 基础数据\客商收货信息.html  问题:0 死链:0 JS错:0
[32/128] 基础数据\客商新建.html  问题:0 死链:0 JS错:0
[33/128] 基础数据\客商管理.html  问题:0 死链:0 JS错:0
[34/128] 基础数据\客商详情.html  问题:0 死链:0 JS错:0
[35/128] 基础数据\库位新建.html  问题:0 死链:0 JS错:0
[36/128] 基础数据\库位档案.html  问题:0 死链:0 JS错:0
[37/128] 基础数据\库位详情.html  问题:0 死链:0 JS错:0
[38/128] 基础数据\弹窗\停用确认.html  问题:0 死链:0 JS错:0
[39/128] 基础数据\物料新建.html  问题:0 死链:0 JS错:0
[40/128] 基础数据\物料详情.html  问题:0 死链:0 JS错:0
[41/128] 我的待办.html  问题:0 死链:0 JS错:0
[42/128] 登录.html  问题:0 死链:0 JS错:0 审计异常:Error: Page.evaluate: Execution context was destroyed, most likely because of a 
[43/128] 租入管理\弹窗\租入入库单详情.html  问题:0 死链:0 JS错:0
[44/128] 租入管理\弹窗\租入入库确认.html  问题:0 死链:0 JS错:0
[45/128] 租入管理\弹窗\租入单审核.html  问题:0 死链:0 JS错:0
[46/128] 租入管理\弹窗\租入单新建.html  问题:0 死链:0 JS错:0
[47/128] 租入管理\弹窗\租入单详情.html  问题:0 死链:0 JS错:0
[48/128] 租入管理\弹窗\租入归还单详情.html  问题:0 死链:0 JS错:0
[49/128] 租入管理\弹窗\租入归还审核.html  问题:0 死链:0 JS错:0
[50/128] 租入管理\弹窗\租入归还新建.html  问题:0 死链:0 JS错:0
[51/128] 租入管理\租入入库列表.html  问题:1 死链:0 JS错:0
[52/128] 租入管理\租入单列表.html  问题:3 死链:0 JS错:0
[53/128] 租入管理\租入归还列表.html  问题:1 死链:0 JS错:0
[54/128] 租赁管理\弹窗\器具出租履历.html  问题:0 死链:0 JS错:0
[55/128] 租赁管理\弹窗\租赁出库单详情.html  问题:0 死链:0 JS错:0
[56/128] 租赁管理\弹窗\租赁出库确认.html  问题:0 死链:0 JS错:0
[57/128] 租赁管理\弹窗\租赁单审核.html  问题:0 死链:0 JS错:0
[58/128] 租赁管理\弹窗\租赁单新建.html  问题:0 死链:0 JS错:0
[59/128] 租赁管理\弹窗\租赁单详情.html  问题:0 死链:0 JS错:0
[60/128] 租赁管理\弹窗\退租入库单详情.html  问题:0 死链:0 JS错:0
[61/128] 租赁管理\弹窗\退租入库审核.html  问题:0 死链:0 JS错:0
[62/128] 租赁管理\弹窗\退租入库新建.html  问题:0 死链:0 JS错:0
[63/128] 租赁管理\租赁出库列表.html  问题:1 死链:0 JS错:0
[64/128] 租赁管理\租赁出库录单.html  问题:0 死链:0 JS错:0
[65/128] 租赁管理\租赁单列表.html  问题:3 死链:0 JS错:0
[66/128] 租赁管理\退租入库列表.html  问题:1 死链:0 JS错:0
[67/128] 系统管理\弹窗\停用确认.html  问题:0 死链:0 JS错:0
[68/128] 系统管理\弹窗\新增字典项.html  问题:0 死链:0 JS错:0
[69/128] 系统管理\弹窗\新增用户.html  问题:0 死链:0 JS错:0
[70/128] 系统管理\弹窗\新增角色.html  问题:0 死链:0 JS错:0
[71/128] 系统管理\弹窗\权限配置.html  问题:0 死链:0 JS错:0
[72/128] 系统管理\弹窗\重置密码确认.html  问题:0 死链:0 JS错:0
[73/128] 系统管理\操作日志.html  问题:0 死链:0 JS错:0
[74/128] 系统管理\数据字典.html  问题:0 死链:0 JS错:0
[75/128] 系统管理\用户权限.html  问题:0 死链:0 JS错:0
[76/128] 系统管理\角色管理.html  问题:0 死链:0 JS错:0
[77/128] 财务协同\付款登记.html  问题:1 死链:0 JS错:0
[78/128] 财务协同\回款登记.html  问题:1 死链:0 JS错:0
[79/128] 财务协同\应付账单.html  问题:1 死链:0 JS错:0
[80/128] 财务协同\应收账单.html  问题:1 死链:0 JS错:0
[81/128] 财务协同\开票登记.html  问题:1 死链:0 JS错:0
[82/128] 财务协同\弹窗\付款登记新建.html  问题:0 死链:0 JS错:0
[83/128] 财务协同\弹窗\付款登记详情.html  问题:0 死链:0 JS错:0
[84/128] 财务协同\弹窗\付款确认.html  问题:0 死链:0 JS错:0
[85/128] 财务协同\弹窗\回款登记详情.html  问题:0 死链:0 JS错:0
[86/128] 财务协同\弹窗\应付账单新建.html  问题:0 死链:0 JS错:0
[87/128] 财务协同\弹窗\应付账单详情.html  问题:0 死链:0 JS错:0
[88/128] 财务协同\弹窗\应收账单生成.html  问题:0 死链:0 JS错:0
[89/128] 财务协同\弹窗\应收账单详情.html  问题:0 死链:0 JS错:0
[90/128] 财务协同\弹窗\开票登记新建.html  问题:0 死链:0 JS错:0
[91/128] 财务协同\弹窗\开票登记详情.html  问题:0 死链:0 JS错:0
[92/128] 财务协同\弹窗\收款登记新建.html  问题:0 死链:0 JS错:0
[93/128] 财务协同\弹窗\水单核销详情.html  问题:0 死链:0 JS错:0
[94/128] 财务协同\弹窗\退款登记新建.html  问题:0 死链:0 JS错:0
[95/128] 财务协同\弹窗\退款登记详情.html  问题:0 死链:0 JS错:0
[96/128] 财务协同\盈亏报表.html  问题:0 死链:0 JS错:0
[97/128] 财务协同\退款登记.html  问题:0 死链:0 JS错:0
[98/128] 财务协同\银行水单核销.html  问题:1 死链:0 JS错:0
[99/128] 采购管理\弹窗\新建采购退货单.html  问题:0 死链:0 JS错:0
[100/128] 采购管理\弹窗\采购入库单详情.html  问题:0 死链:0 JS错:0
[101/128] 采购管理\弹窗\采购入库审核.html  问题:0 死链:0 JS错:0
[102/128] 采购管理\弹窗\采购订单审核.html  问题:0 死链:0 JS错:0
[103/128] 采购管理\弹窗\采购订单详情.html  问题:0 死链:0 JS错:0
[104/128] 采购管理\弹窗\采购退货单详情.html  问题:0 死链:0 JS错:0
[105/128] 采购管理\弹窗\采购退货审核.html  问题:0 死链:0 JS错:0
[106/128] 采购管理\采购入库列表.html  问题:1 死链:0 JS错:0
[107/128] 采购管理\采购入库录单.html  问题:0 死链:0 JS错:0
[108/128] 采购管理\采购订单列表.html  问题:1 死链:0 JS错:0
[109/128] 采购管理\采购订单新建.html  问题:0 死链:0 JS错:0
[110/128] 采购管理\采购退货单列表.html  问题:0 死链:0 JS错:0
[111/128] 销售管理\弹窗\新建销售订单.html  问题:0 死链:0 JS错:0
[112/128] 销售管理\弹窗\新建销售退货单.html  问题:0 死链:0 JS错:0
[113/128] 销售管理\弹窗\销售出库单详情.html  问题:0 死链:0 JS错:0
[114/128] 销售管理\弹窗\销售出库审核.html  问题:0 死链:0 JS错:0
[115/128] 销售管理\弹窗\销售出库新建.html  问题:0 死链:0 JS错:0
[116/128] 销售管理\弹窗\销售订单审核.html  问题:0 死链:0 JS错:0
[117/128] 销售管理\弹窗\销售订单详情.html  问题:0 死链:0 JS错:0
[118/128] 销售管理\弹窗\销售退货单详情.html  问题:0 死链:0 JS错:0
[119/128] 销售管理\弹窗\销售退货审核.html  问题:0 死链:0 JS错:0
[120/128] 销售管理\销售出库列表.html  问题:2 死链:0 JS错:0
[121/128] 销售管理\销售订单列表.html  问题:3 死链:0 JS错:0
[122/128] 销售管理\销售退货单列表.html  问题:0 死链:0 JS错:0
[123/128] 项目管理\上下游绑定.html  问题:0 死链:0 JS错:0
[124/128] 项目管理\编码规则.html  问题:0 死链:0 JS错:0
[125/128] 项目管理\项目新建.html  问题:0 死链:0 JS错:0
[126/128] 项目管理\项目档案.html  问题:0 死链:0 JS错:0
[127/128] 项目管理\项目详情.html  问题:0 死链:0 JS错:0
[128/128] 首页\项目看板.html  问题:0 死链:0 JS错:0

结果已写入 D:\工作台-吕道远\5-【ACTIVE】汽车物流包装租赁\_scan_tmpdir\audit_results.json
